French Toast	Gluten
Blueberry Muffin	Gluten
Bagel	Gluten
Yogurt	Lactose