isEqrel(0, 1)                
----------(R3)               
isEqrel(1, 0)  isEqrel(0, 1) 
-------------------------(R2)
        isEqrel(1, 1)        
isEqrel(0, 1)                 
----------(R3)                
isEqrel(1, 0)  isEqrel(0, 1)  
-------------------------(R2) 
        isEqrel(1, 1)         
--------------------------(R1)
        notEqrel(1, 1)        
