file:///usr/include/c++/9/bits/hashtable_policy.h:579:42:579:72	double	unsigned long
file:///usr/include/c++/9/ext/string_conversions.h:88:10:88:14	double	int
file:///usr/include/c++/9/ext/string_conversions.h:88:10:88:14	long double	int
file:///usr/include/c++/9/ext/string_conversions.h:88:10:88:14	float	int
file:///opt/src/src/builtin_jobs.cpp:51:12:51:22	double	int
file:///opt/src/src/builtin_test.cpp:700:28:700:58	double	long long
file:///opt/src/src/env_universal_common.cpp:1386:29:1386:58	double	unsigned long
file:///opt/src/src/env_universal_common.cpp:1365:40:1365:82	double	long long
file:///opt/src/src/env_universal_common.cpp:1347:17:1347:72	double	long long
file:///opt/src/src/fish_key_reader.cpp:187:37:187:65	double	long long
file:///opt/src/src/tinyexpr.cpp:218:12:218:12	double	bool
file:///opt/src/src/tinyexpr.cpp:218:24:218:24	double	bool
file:///opt/src/src/tinyexpr.cpp:157:28:157:55	double	unsigned int
file:///opt/src/src/tinyexpr.cpp:157:63:157:90	double	unsigned int
file:///opt/src/src/tinyexpr.cpp:145:15:145:42	double	unsigned int
