1	2
1	3
1	4
1	6
2	3
2	4
3	4
5	3
5	4
7	7
7	8
7	9
8	7
8	8
8	9
9	7
9	8
9	9
10	10