2
4
5
6
7
11
12
15
17
a0
b0
c0
d0
e0
f4
h0
v0
x0
z0
k0
l0
n3
o0
p2
r1
r2
r3
r4
r5