1a	name1	url1	10	29	2016-08-08
1c	name3	url3	14	22	2016-08-08
