        A(2, 4, 6, 8, 10, 12, 14)  
        ----------------------(R1) 
C(3, 4) B(2, 4, 6, 8, 10, 12, 14)  
-------------------------------(R2)
      B(3, 4, 4, 4, 4, 4, 4)       
