steve	amy
steve	andy
gavin	amelia
andy	spongebob
ann	amy
ann	andy
amy	amelia
linda	gavin
spongebob	sally