1	A	Name	AAA
2	A	Class	P
3	A	IsActive	True
7	C	Name	CCC
8	C	Class	R
9	C	IsActive	True
