visitNode	visitChildren
visitChildren	visitNode
MsgBox	MsgBox
