2	2
2	3
3	2
3	3
4	4
4	5
4	8
5	4
5	5
5	8
8	4
8	5
8	8
6	6
6	7
7	6
7	7
9	9
9	11
11	9
11	11
17	17
13	13
13	14
14	13
14	14
15	15
15	16
16	15
16	16
20	20