loop(0, 0, 10, 100)                                                                                                                 
----------------(R1)                                                                                                                
loop(1, 0, 10, 100)  loop(0, 0, 10, 100) 0 < 10                                                                                     
--------------------------------------------(R2)                                                                                    
              loop(1, 1, 10, 100)                loop(0, 0, 10, 100) 1 < 10                                                         
------------------------------------------------------------------------(R2)                                                        
                            loop(1, 2, 10, 100)                              loop(0, 0, 10, 100) 2 < 10                             
----------------------------------------------------------------------------------------------------(R2)                            
                                          loop(1, 3, 10, 100)                                            loop(0, 0, 10, 100) 3 < 10 
--------------------------------------------------------------------------------------------------------------------------------(R2)
                                                        loop(1, 4, 10, 100)                                                         
subproof loop() loop(0, 0, 10, 100) 4 < 10                                                                                                                                                       
----------------------------------------(R2)                                                                                                                                                      
            loop(1, 5, 10, 100)              loop(0, 0, 10, 100) 5 < 10                                                                                                                           
--------------------------------------------------------------------(R2)                                                                                                                          
                          loop(1, 6, 10, 100)                            loop(0, 0, 10, 100) 6 < 10                                                                                               
------------------------------------------------------------------------------------------------(R2)                                                                                              
                                        loop(1, 7, 10, 100)                                          loop(0, 0, 10, 100) 7 < 10                                                                   
----------------------------------------------------------------------------------------------------------------------------(R2)                                                                  
                                                      loop(1, 8, 10, 100)                                                        loop(0, 0, 10, 100) 8 < 10                                       
--------------------------------------------------------------------------------------------------------------------------------------------------------(R2)                                      
                                                                    loop(1, 9, 10, 100)                                                                      loop(0, 0, 10, 100) 9 < 10           
------------------------------------------------------------------------------------------------------------------------------------------------------------------------------------(R2)          
                                                                                  loop(1, 10, 10, 100)                                                                                   10 >= 10 
----------------------------------------------------------------------------------------------------------------------------------------------------------------------------------------------(R3)
                                                                                       loop(2, 10, 10, 100)                                                                                       
