Thibaut	Thibaut
Thibaut	Ptaff
Ptaff	Ptaff
Ptaff	Thibaut
Gudermann	Gudermann
Gudermann	Dirksen
Gudermann	Gauss
Gudermann	Mobius
Dirksen	Gudermann
Dirksen	Dirksen
Dirksen	Gauss
Dirksen	Mobius
Gauss	Gudermann
Gauss	Dirksen
Gauss	Gauss
Gauss	Mobius
Mobius	Gudermann
Mobius	Dirksen
Mobius	Gauss
Mobius	Mobius
Weistrass	Weistrass
Weistrass	Jacobi
Weistrass	Riemann
Jacobi	Weistrass
Jacobi	Jacobi
Jacobi	Riemann
Riemann	Weistrass
Riemann	Jacobi
Riemann	Riemann
A	Kastner
A	A
Kastner	Kastner
Kastner	A