892347834	offset	file:///usr/include/x86_64-linux-gnu/bits/byteswap.h:111:10:111:26
756348577	shortbuf	file:///usr/include/x86_64-linux-gnu/sys/select.h:67:41:67:49T
