ann	amelia
steve	amelia
ann	spongebob
steve	spongebob
linda	amelia