source2sink - run 1
source2sink - run 2
B-F
C-F
source2sink - run 3
D-F
