1	-100.00	09/12/2016
1	-200.00	09/13/2016
1	-400.00	09/14/2016
1	-500.00	09/15/2016