2	2
2	3
3	2
3	3
4	4
4	5
4	6
5	4
5	5
5	6
6	4
6	5
6	6
7	7
7	8
7	9
7	10
8	7
8	8
8	9
8	10
9	7
9	8
9	9
9	10
10	7
10	8
10	9
10	10
o	o
o	p
o	m
o	n
o	q
p	o
p	p
p	m
p	n
p	q
m	o
m	p
m	m
m	n
m	q
n	o
n	p
n	m
n	n
n	q
q	o
q	p
q	m
q	n
q	q
