file:///home/aadityanaik/codeql-exploration/sample-code/main.c:8:5:12:5
file:///home/aadityanaik/codeql-exploration/sample-code/main.c:22:5:26:5
file:///home/aadityanaik/codeql-exploration/sample-code/main.c:30:12:34:5
