Bart
David
Laura
Mark
Nadia
Nobuko
Santiago
Zachary
Zhong