a1	b1
a2	b2
a3	b3
a3	c3
b3	c3
a4	b4
a4	c4
b4	c4
a5	b5
a5	c5
b5	c5
a6	b6
a6	c6
b6	c6
a7	b7
a7	c7
a7	d7
b7	c7
b7	d7
c7	d7
a8	b8
a8	c8
a8	d8
b8	c8
b8	d8
c8	d8
a9	b9
a9	c9
a9	d9
b9	c9
b9	d9
c9	d9
a10	b10
a10	c10
a10	d10
b10	c10
b10	d10
c10	d10