100	2	10	103	1	8
100	2	10	102	5	10
101	12	20	104	13	15
102	5	10	103	1	8
