1	1
1	2
1	3
2	1
2	2
2	3
3	1
3	2
3	3
4	5
4	6
4	7
5	6
5	7
6	7
8	9
8	10
9	10
11	10
11	12