edge("a", "b") âœ“ path("b", "3") x 
--------------------------------(R2)
           path("a","3")            
