being("ollie_the_doggo") !person("ollie_the_doggo") 
------------------------------------------------(R1)
             animal("ollie_the_doggo")              
