Vicodin	pain
Tylenol	fever
Tylenol	pain
Advil	fever
Advil	inflammation
Amoxil	infection