PayTM	Uttar Pradesh
Oyo Rooms	Haryana
Ola	Karnataka
Zomato	Haryana