.90	.78	MedicalAsst.Exam	SchoolA
.88	.90	HealthExam	SchoolA
.65	.79	EKGExam	SchoolA
.76	.81	Phlebotomy	SchoolA
.93	.78	MedicalAsst.Exam	SchoolB
.79	.90	HealthExam	SchoolB
.82	.79	EKGExam	SchoolB
.76	.81	Phlebotomy	SchoolB
